// Vitest Snapshot v1, https://vitest.dev/guide/snapshot.html

exports[`FavoriteItems > matches snapshot 1`] = `
<DocumentFragment>
  <div
    class="bg-gray-100"
  >
    <div
      class="mx-auto max-w-2xl px-4 py-8 sm:px-6 sm:py-12 lg:max-w-7xl lg:px-8"
    >
      <h1
        class="text-3xl font-extrabold text-gray-900 mb-6"
      >
        Your Favorites
      </h1>
      <div
        class="mt-6 grid grid-cols-1 gap-x-6 gap-y-10 sm:grid-cols-2 lg:grid-cols-4 xl:gap-x-8"
      >
        <div
          class="group relative bg-gray-300 rounded-md overflow-hidden"
        >
          <img
            alt="Favorite Product 1"
            class="aspect-square w-full object-cover group-hover:opacity-75"
            loading="lazy"
            src="thumbnail1.jpg"
          />
          <div
            class="absolute inset-x-0 bottom-0 bg-black/70 text-white p-4"
          >
            <div
              class="flex justify-between items-center"
            >
              <h3
                class="text-sm font-bold"
              >
                <a
                  data-discover="true"
                  href="/product/1"
                >
                  <span
                    aria-hidden="true"
                    class="absolute inset-0"
                  />
                  Product 1
                </a>
              </h3>
              <p
                class="text-sm font-bold"
              >
                $20
              </p>
            </div>
            <p
              class="mt-1 text-sm"
            >
              Favorite Product 1
            </p>
          </div>
          <div
            class="absolute top-2 right-2"
          >
            <button
              class="p-2 bg-red-200 rounded-full hover:bg-red-300"
              data-testid="delete-1"
            >
              <svg
                color="red"
                fill="currentColor"
                height="16"
                stroke="currentColor"
                stroke-width="0"
                style="color: red;"
                viewBox="0 0 448 512"
                width="16"
                xmlns="http://www.w3.org/2000/svg"
              >
                <path
                  d="M135.2 17.7L128 32H32C14.3 32 0 46.3 0 64S14.3 96 32 96H416c17.7 0 32-14.3 32-32s-14.3-32-32-32H320l-7.2-14.3C307.4 6.8 296.3 0 284.2 0H163.8c-12.1 0-23.2 6.8-28.6 17.7zM416 128H32L53.2 467c1.6 25.3 22.6 45 47.9 45H346.9c25.3 0 46.3-19.7 47.9-45L416 128z"
                />
              </svg>
            </button>
          </div>
        </div>
      </div>
    </div>
  </div>
</DocumentFragment>
`;
