// Vitest Snapshot v1, https://vitest.dev/guide/snapshot.html

exports[`ProductCard > matches snapshot 1`] = `
<DocumentFragment>
  <div
    class="bg-white"
  >
    <div
      class="mx-auto max-w-2xl px-4 py-16 sm:px-6 sm:py-24 lg:max-w-7xl lg:px-8"
    >
      <div
        class="mt-6 grid grid-cols-1 gap-x-6 gap-y-10 sm:grid-cols-2 lg:grid-cols-4 xl:gap-x-8"
      >
        <div
          class="group relative"
        >
          <img
            alt="Product 1"
            class="aspect-square w-full rounded-md bg-gray-200 object-contain group-hover:opacity-75 lg:aspect-auto lg:h-80"
            loading="lazy"
            src="image1.jpg"
          />
          <div
            class="mt-4 flex justify-between"
          >
            <div>
              <h3
                class="text-sm text-gray-700"
              >
                <a
                  data-discover="true"
                  href="/product/1"
                >
                  <span
                    aria-hidden="true"
                    class="absolute inset-0"
                  />
                  Product 1
                </a>
              </h3>
              <p
                class="mt-1 text-sm text-gray-500"
              >
                Category 1
              </p>
            </div>
            <p
              class="text-sm font-medium text-gray-900"
            >
              100
            </p>
          </div>
        </div>
        <div
          class="group relative"
        >
          <img
            alt="Product 2"
            class="aspect-square w-full rounded-md bg-gray-200 object-contain group-hover:opacity-75 lg:aspect-auto lg:h-80"
            loading="lazy"
            src="image2.jpg"
          />
          <div
            class="mt-4 flex justify-between"
          >
            <div>
              <h3
                class="text-sm text-gray-700"
              >
                <a
                  data-discover="true"
                  href="/product/2"
                >
                  <span
                    aria-hidden="true"
                    class="absolute inset-0"
                  />
                  Product 2
                </a>
              </h3>
              <p
                class="mt-1 text-sm text-gray-500"
              >
                Category 2
              </p>
            </div>
            <p
              class="text-sm font-medium text-gray-900"
            >
              200
            </p>
          </div>
        </div>
      </div>
    </div>
  </div>
</DocumentFragment>
`;
